====================================================================================================
(A) DID THE ALLOCATION ACTUALLY CHANGE?
====================================================================================================
  months compared                     : 83
  mean weight overlap (1 = identical) : 0.506   [min 0.120]
  mean ticker Jaccard overlap         : 0.310
  holdings/month  Gaussian 10.7   FHS 13.1
  corr(monthly returns) base arms     : 0.9033

====================================================================================================
(B) IS THE CVaR CONSTRAINT NOW TAIL-AWARE? (shape ratio c = CVaR/vol of the book)
====================================================================================================
  Gaussian  c: mean  2.065  sd  0.025  [2.013, 2.120]   R2(CVaR~vol) = 0.998
  FHS       c: mean  2.450  sd  0.178  [2.151, 2.741]   R2(CVaR~vol) = 0.986
  corr(k_mc Gaussian, k_mc FHS) = 0.408
  mean exposure  Gaussian: rv 0.835 mc 0.804 comb 0.699
  mean exposure  FHS     : rv 0.797 mc 0.898 comb 0.752

====================================================================================================
(C) FULL METRICS  (83 OOS months, net of costs, RF=2%)
====================================================================================================
                               Cumul     Ann     Vol  Sharpe  Sortino   MaxDD  Calmar  CVaR95  DownDev   Pain    MAD   Beta  Treynor
Gaussian  Base (no overlay)   91.630   9.860  12.429   0.660    0.974 -16.562   0.595  -6.598    7.506  2.154  2.816  0.466   16.874
Gaussian  + Realized-vol      81.437   8.995   9.443   0.750    1.274 -10.754   0.836  -4.410    5.316  2.611  2.180  0.335   20.907
Gaussian  + Model-CVaR        82.069   9.050   9.091   0.781    1.161  -9.555   0.947  -4.934    5.440  3.795  2.125  0.342   20.628
Gaussian  + Combined          74.305   8.365   7.365   0.859    1.428  -6.545   1.278  -3.644    4.067  4.138  1.725  0.253   25.155
FHS       Base (no overlay)  155.229  14.507  14.246   0.886    1.272 -18.446   0.786  -7.580    8.474  3.498  3.162  0.666   18.770
FHS       + Realized-vol     111.649  11.449  10.616   0.890    1.307 -12.778   0.896  -5.687    6.260  3.441  2.338  0.444   21.262
FHS       + Model-CVaR       108.760  11.228  11.946   0.786    1.109 -16.025   0.701  -6.170    7.343  2.613  2.654  0.513   18.004
FHS       + Combined          95.853  10.206   9.675   0.850    1.210 -11.741   0.869  -5.455    5.820  3.156  2.118  0.386   21.264

====================================================================================================
(D) PAIRED BOOTSTRAP (5000): FHS vs Gaussian, like-for-like
====================================================================================================
  Base (no overlay)    dSharpe=+0.226 P(FHS better)=0.909 | dMaxDD=-0.019 P(FHS shallower)=0.438
  + Realized-vol       dSharpe=+0.140 P(FHS better)=0.796 | dMaxDD=-0.020 P(FHS shallower)=0.344
  + Model-CVaR         dSharpe=+0.005 P(FHS better)=0.502 | dMaxDD=-0.065 P(FHS shallower)=0.125
  + Combined           dSharpe=-0.009 P(FHS better)=0.512 | dMaxDD=-0.052 P(FHS shallower)=0.109

saved fhs_arm_comparison.csv
