months: 82  corr(k_F,k_S) = +0.440
lead-lag: {'leadlag_lstar': -1, 'corr_at_lstar': 0.4699097108551978, 'corr_at_0': 0.43971073828926166, 'corr_lag_m1': 0.4699097108551978, 'corr_lag_p1': 0.4362955355982903}
              k_F  k_S  k_S_raw  sigma_model  rvol_next  abs_ret_next
k_F           0.0 -1.0      1.0          0.0       -1.0           0.0
k_S           1.0  0.0      0.0          6.0       -1.0           0.0
k_S_raw      -1.0  0.0      0.0          6.0       -1.0           0.0
sigma_model   0.0 -6.0     -6.0          0.0       -1.0          -3.0
rvol_next     1.0  1.0      1.0          1.0        0.0           1.0
abs_ret_next  0.0  0.0      0.0          3.0       -1.0           0.0
events: {'jaccard_fast_slow': 0.13333333333333333, 'n_fast': 17, 'n_slow': 17, 'n_both': 4, 'n_either': 30, 'first_fast_2020': '2020-05', 'first_slow_2020': '2020-11', 'first_fast_2022': '2022-03', 'first_slow_2022': '2022-01'}
conditional risk: {'rvol_by_kF_low_mid_high': [20.67, 11.83, 10.09], 'rvol_by_kS_low_mid_high': [16.75, 14.35, 11.63], 'corner_low_low': 19.691129008969224, 'corner_high_high': 10.16410129957053}
tF     low   mid  high
tS                    
high  10.7  15.1  10.2
mid   22.7   7.4   8.2
low   19.7  14.6  11.3
tF    low  mid  high
tS                  
high    1    8    18
mid    12   11     4
low    15    8     5
surface: {'mean_k_product': 0.6988328297623099, 'mean_k_geometric': 0.8107032088200471, 'months_at_floor_product': 8, 'months_both_dials_below_0_8': 23, 'months_only_one_below_0_8': 20}
saved fig_leadlag.png, fig_event_overlap.png, fig_conditional_risk.png, fig_response_surface.png, complementarity_diagnostics.csv
