====================================================================================================
STAGE 1 (clean) - shape ratio c = CVaR95/sigma. Gaussian constant 2.063. n=82 dates
====================================================================================================
                            mean  sd(time)     min     max
  Gaussian H=1 held        2.063     0.008   2.046   2.082
  FHS H=1  held            2.407     0.142   2.167   2.656
  FHS H=21 held            2.147     0.042   2.085   2.267
  FHS H=1  defensive       2.418     0.119   2.212   2.648
  FHS H=1  cyclical        2.389     0.140   2.166   2.660
  FHS H=1  conc-3          2.344     0.118   2.122   2.509

cross-portfolio spread within a date: FHS H=1 mean 0.080 | FHS H=21 mean 0.019 | MC floor ~0.012
top-5 fattest-tail dates (c_f1_held): ['2022-03', '2022-01', '2021-01', '2021-12', '2022-02']
2020-04..2020-06 (post-crash windows): [2.515, 2.539, 2.55, 2.582]

====================================================================================================
STAGE 2 - incremental prediction of next-month realized outcomes (n = usable months)
====================================================================================================
n=81, |r| needed for ~95% significance ≈ 0.222
  c_f1_held  -> real_vol  : corr=+0.182  partial|sigma=+0.022
  c_f1_held  -> real_worst: corr=+0.159  partial|sigma=+0.004
  c_f1_held  -> real_shape: corr=-0.028  partial|sigma=-0.024
  (control: corr(sigma_model, real_vol) = +0.535)
  c_fH_held  -> real_vol  : corr=+0.260  partial|sigma=-0.005
  c_fH_held  -> real_worst: corr=+0.228  partial|sigma=-0.029
  c_fH_held  -> real_shape: corr=-0.060  partial|sigma=-0.060
  (control: corr(sigma_model, real_vol) = +0.535)

saved fhs_experiment_results.csv
