        universe                        arm  Cumul%  Ann%  Vol%  Sharpe  Sortino  MaxDD%  Calmar
 original (~220)                     Static   104.4 10.89 12.92   0.712    1.128  -17.61   0.618
 original (~220)               Dynamic base    91.6  9.86 12.43   0.660    0.974  -16.56   0.595
 original (~220)              +Realized-vol    81.4  8.99  9.44   0.750    1.274  -10.75   0.836
 original (~220)                +Model-CVaR    82.1  9.05  9.09   0.781    1.161   -9.56   0.947
 original (~220)        +Combined (Primary)    74.3  8.36  7.37   0.859    1.428   -6.55   1.278
 original (~220)              Benchmark 1/N   103.2 10.80 14.70   0.638    0.846  -21.30   0.507
 original (~220)  Benchmark Markowitz-maxSh    30.1  3.88  6.45   0.313    0.312  -17.76   0.219
 original (~220) Benchmark Markowitz-minVar    15.0  2.04  2.17   0.018    0.015   -7.04   0.289
  matrix1 (~300)                     Static    73.0  8.25 14.59   0.480    0.569  -20.12   0.410
  matrix1 (~300)               Dynamic base    53.4  6.38 14.32   0.365    0.404  -20.43   0.312
  matrix1 (~300)              +Realized-vol    53.7  6.41 10.11   0.468    0.648  -12.98   0.494
  matrix1 (~300)                +Model-CVaR    46.8  5.71 12.14   0.355    0.371  -20.43   0.280
  matrix1 (~300)        +Combined (Primary)    48.4  5.87  8.74   0.469    0.606  -12.98   0.452
  matrix1 (~300)              Benchmark 1/N   102.6 10.75 14.46   0.643    0.839  -21.43   0.501
  matrix1 (~300)  Benchmark Markowitz-maxSh    32.5  4.16  6.11   0.371    0.364  -14.35   0.290
  matrix1 (~300) Benchmark Markowitz-minVar    17.6  2.37  1.58   0.224    0.203   -3.58   0.661
matrix2 (cap400)                     Static    60.3  7.06 13.59   0.423    0.597  -23.37   0.302
matrix2 (cap400)               Dynamic base    61.9  7.22 13.62   0.434    0.617  -22.57   0.320
matrix2 (cap400)              +Realized-vol    66.5  7.65 10.75   0.554    0.948  -17.13   0.446
matrix2 (cap400)                +Model-CVaR    69.7  7.94 11.74   0.541    0.784  -15.76   0.504
matrix2 (cap400)        +Combined (Primary)    70.3  8.00  9.43   0.653    1.134  -12.12   0.660
matrix2 (cap400)              Benchmark 1/N    90.8  9.79 13.61   0.610    0.796  -20.52   0.477
matrix2 (cap400)  Benchmark Markowitz-maxSh    31.8  4.07  5.41   0.396    0.390  -12.92   0.315
matrix2 (cap400) Benchmark Markowitz-minVar    16.8  2.27  1.35   0.187    0.166   -2.45   0.925

saved universe_comparison.csv + _universe_comparison.png
