================================================================================================
DIAL CORRELATIONS (the horizon argument in one table)
================================================================================================
        k_rv  k_vix   k_mc
k_rv   1.000  0.513  0.447
k_vix  0.513  1.000  0.580
k_mc   0.447  0.580  1.000

mean dials: k_rv=0.835  k_vix=0.647  k_mc=0.804

================================================================================================
ARMS (83 OOS months, net of costs in the base series, RF=2%)
================================================================================================
                                Ann     Vol  Sharpe   MaxDD  Calmar  CVaR95  mean_k
Base (no overlay)             9.860  12.429   0.660 -16.562   0.595  -6.598   1.000
Realized-vol only             8.995   9.443   0.750 -10.754   0.836  -4.410   0.835
Slow model only               9.050   9.091   0.781  -9.555   0.947  -4.934   0.804
VIX only (Bozovic-style)      8.331   7.273   0.865  -7.800   1.068  -3.369   0.647
Fast x Slow (OURS)            8.365   7.365   0.859  -6.545   1.278  -3.644   0.699
Fast x VIX                    8.186   6.153   0.988  -5.434   1.507  -2.560   0.572
VIX x Slow (VIX as fast leg)  8.012   5.836   1.011  -4.577   1.751  -2.813   0.553

================================================================================================
PAIRED BOOTSTRAP (5000): OURS (fast x slow) vs VIX alternatives
================================================================================================
  OURS vs Fast x VIX                   dSharpe=-0.129 P(ours better)=0.086 | dMaxDD=-0.011 P(ours shallower)=0.015
  OURS vs VIX only (Bozovic-style)     dSharpe=-0.006 P(ours better)=0.500 | dMaxDD=+0.013 P(ours shallower)=0.425
  OURS vs VIX x Slow (VIX as fast leg) dSharpe=-0.152 P(ours better)=0.065 | dMaxDD=-0.020 P(ours shallower)=0.024

saved vix_experiment_results.csv
